BUILD_AND_RUN.sh: OK
CERTIFICATE_FORMAT.md: OK
ENVIRONMENT.txt: OK
EXPECTED_RESULTS.txt: OK
README.md: OK
UPSTREAM_SOURCE_IDENTITY.txt: OK
VERIFY_ARTIFACT.sh: OK
binaries/gen_cert_v34: OK
binaries/triangle_dfs_v34: OK
binaries/verify_cert_v34: OK
certificates/cap34_orbit1.cert.gz: OK
certificates/cap34_orbit2.cert.gz: OK
logs/cap34_orbit1.gen.exit: OK
logs/cap34_orbit1.gen.log: OK
logs/cap34_orbit1.gen.time: OK
logs/cap34_orbit1.verify.exit: OK
logs/cap34_orbit1.verify.log: OK
logs/cap34_orbit1.verify.time: OK
logs/cap34_orbit2.gen.exit: OK
logs/cap34_orbit2.gen.log: OK
logs/cap34_orbit2.gen.time: OK
logs/cap34_orbit2.verify.exit: OK
logs/cap34_orbit2.verify.log: OK
logs/cap34_orbit2.verify.time: OK
logs/reproduction_v29.exit: OK
logs/reproduction_v29.sha256: OK
logs/reproduction_v29.stdout: OK
logs/reproduction_v34.exit: OK
logs/reproduction_v34.sha256: OK
logs/reproduction_v34.stdout: OK
logs/reproduction_v34.time: OK
src/generate_triangle_certificate_v34.cpp: OK
src/transcript_sha256.hpp: OK
src/triangle_root_universal_search.cpp: OK
src/verify_triangle_certificate_v34.cpp: OK
tamper_tests/flip.err: OK
tamper_tests/flip.exit: OK
tamper_tests/flip.out: OK
tamper_tests/headercount.err: OK
tamper_tests/headercount.exit: OK
tamper_tests/headercount.out: OK
tamper_tests/truncate.err: OK
tamper_tests/truncate.exit: OK
tamper_tests/truncate.out: OK
VERIFIED EG70TRI1-UNIVERSAL side=34 orbit=1
states 23143
attempted 2972750
structural 180011
C8 1424785
C16 1344812
expanded 23142
solutions 0
VERIFIED EG70TRI1-UNIVERSAL side=34 orbit=2
states 202602
attempted 25227209
structural 1432521
C8 15207779
C16 8384308
expanded 202601
solutions 0
ARTIFACT VERIFIED
